[0.168s] DEBUG:colcon:Command line arguments: ['/usr/bin/colcon', 'list', '-p', '--base-paths', '/home/raymond/robotws/src/ME133a-FINAL', '--log-base', '/dev/null']
[0.169s] DEBUG:colcon:Parsed command line arguments: Namespace(log_base=None, log_level=None, verb_name='list', build_base='build', ignore_user_meta=False, metas=['./colcon.meta'], base_paths=['/home/raymond/robotws/src/ME133a-FINAL', '--log-base', '/dev/null'], packages_ignore=None, packages_ignore_regex=None, paths=None, packages_up_to=None, packages_up_to_regex=None, packages_above=None, packages_above_and_dependencies=None, packages_above_depth=None, packages_select_by_dep=None, packages_skip_by_dep=None, packages_skip_up_to=None, packages_select_build_failed=False, packages_skip_build_finished=False, packages_select_test_failures=False, packages_skip_test_passed=False, packages_select=None, packages_skip=None, packages_select_regex=None, packages_skip_regex=None, packages_start=None, packages_end=None, allow_overriding=[], topological_order=False, names_only=False, paths_only=True, topological_graph=False, topological_graph_dot=False, topological_graph_density=False, topological_graph_legend=False, topological_graph_dot_cluster=False, topological_graph_dot_include_skipped=False, mixin_files=None, mixin=None, verb_parser=<colcon_mixin.mixin.mixin_argument.MixinArgumentDecorator object at 0x76fb793e5b50>, verb_extension=<colcon_package_information.verb.list.ListVerb object at 0x76fb7a3a2780>, main=<bound method ListVerb.main of <colcon_package_information.verb.list.ListVerb object at 0x76fb7a3a2780>>, mixin_verb=('list',))
[0.226s] Level 1:colcon.colcon_core.package_discovery:discover_packages(colcon_meta) check parameters
[0.226s] Level 1:colcon.colcon_core.package_discovery:discover_packages(recursive) check parameters
[0.226s] Level 1:colcon.colcon_core.package_discovery:discover_packages(ignore) check parameters
[0.226s] Level 1:colcon.colcon_core.package_discovery:discover_packages(path) check parameters
[0.226s] Level 1:colcon.colcon_core.package_discovery:discover_packages(recursive) discover
[0.226s] INFO:colcon.colcon_core.package_discovery:Crawling recursively for packages in '/home/raymond/robotws/src/ME133a-FINAL', '/home/raymond/robotws/src/ME133a-FINAL/--log-base', '/dev/null'
[0.227s] Level 1:colcon.colcon_core.package_identification:_identify(/home/raymond/robotws/src/ME133a-FINAL) by extensions ['ignore', 'ignore_ament_install']
[0.227s] Level 1:colcon.colcon_core.package_identification:_identify(/home/raymond/robotws/src/ME133a-FINAL) by extension 'ignore'
[0.227s] Level 1:colcon.colcon_core.package_identification:_identify(/home/raymond/robotws/src/ME133a-FINAL) by extension 'ignore_ament_install'
[0.227s] Level 1:colcon.colcon_core.package_identification:_identify(/home/raymond/robotws/src/ME133a-FINAL) by extensions ['colcon_pkg']
[0.227s] Level 1:colcon.colcon_core.package_identification:_identify(/home/raymond/robotws/src/ME133a-FINAL) by extension 'colcon_pkg'
[0.227s] Level 1:colcon.colcon_core.package_identification:_identify(/home/raymond/robotws/src/ME133a-FINAL) by extensions ['colcon_meta']
[0.227s] Level 1:colcon.colcon_core.package_identification:_identify(/home/raymond/robotws/src/ME133a-FINAL) by extension 'colcon_meta'
[0.227s] Level 1:colcon.colcon_core.package_identification:_identify(/home/raymond/robotws/src/ME133a-FINAL) by extensions ['ros']
[0.227s] Level 1:colcon.colcon_core.package_identification:_identify(/home/raymond/robotws/src/ME133a-FINAL) by extension 'ros'
[0.270s] Level 1:colcon.colcon_core.package_identification:_identify(/home/raymond/robotws/src/ME133a-FINAL) by extensions ['cmake', 'python']
[0.270s] Level 1:colcon.colcon_core.package_identification:_identify(/home/raymond/robotws/src/ME133a-FINAL) by extension 'cmake'
[0.270s] Level 1:colcon.colcon_core.package_identification:_identify(/home/raymond/robotws/src/ME133a-FINAL) by extension 'python'
[0.270s] Level 1:colcon.colcon_core.package_identification:_identify(/home/raymond/robotws/src/ME133a-FINAL) by extensions ['python_setup_py']
[0.270s] Level 1:colcon.colcon_core.package_identification:_identify(/home/raymond/robotws/src/ME133a-FINAL) by extension 'python_setup_py'
[0.271s] Level 1:colcon.colcon_core.package_identification:_identify(/home/raymond/robotws/src/ME133a-FINAL/lightsaber) by extensions ['ignore', 'ignore_ament_install']
[0.271s] Level 1:colcon.colcon_core.package_identification:_identify(/home/raymond/robotws/src/ME133a-FINAL/lightsaber) by extension 'ignore'
[0.271s] Level 1:colcon.colcon_core.package_identification:_identify(/home/raymond/robotws/src/ME133a-FINAL/lightsaber) by extension 'ignore_ament_install'
[0.271s] Level 1:colcon.colcon_core.package_identification:_identify(/home/raymond/robotws/src/ME133a-FINAL/lightsaber) by extensions ['colcon_pkg']
[0.271s] Level 1:colcon.colcon_core.package_identification:_identify(/home/raymond/robotws/src/ME133a-FINAL/lightsaber) by extension 'colcon_pkg'
[0.271s] Level 1:colcon.colcon_core.package_identification:_identify(/home/raymond/robotws/src/ME133a-FINAL/lightsaber) by extensions ['colcon_meta']
[0.271s] Level 1:colcon.colcon_core.package_identification:_identify(/home/raymond/robotws/src/ME133a-FINAL/lightsaber) by extension 'colcon_meta'
[0.271s] Level 1:colcon.colcon_core.package_identification:_identify(/home/raymond/robotws/src/ME133a-FINAL/lightsaber) by extensions ['ros']
[0.271s] Level 1:colcon.colcon_core.package_identification:_identify(/home/raymond/robotws/src/ME133a-FINAL/lightsaber) by extension 'ros'
[0.275s] DEBUG:colcon.colcon_core.package_identification:Package '/home/raymond/robotws/src/ME133a-FINAL/lightsaber' with type 'ros.ament_python' and name 'lightsaber'
[0.276s] Level 1:colcon.colcon_core.package_identification:_identify(/home/raymond/robotws/src/ME133a-FINAL/log) by extensions ['ignore', 'ignore_ament_install']
[0.276s] Level 1:colcon.colcon_core.package_identification:_identify(/home/raymond/robotws/src/ME133a-FINAL/log) by extension 'ignore'
[0.276s] Level 1:colcon.colcon_core.package_identification:_identify(/home/raymond/robotws/src/ME133a-FINAL/log) ignored
[0.276s] Level 1:colcon.colcon_core.package_discovery:discover_packages(recursive) using defaults
